Die Starteinstellungen von C:\Desktop\Schule\Spengergasse\2025-26\SWP\Graf\2025-2026\wetter-reise-app-csharp\Properties\launchSettings.json werden verwendet…
info: Microsoft.Hosting.Lifetime[14]
      Now listening on: http://127.0.0.1:5095
info: Microsoft.Hosting.Lifetime[0]
      Application started. Press Ctrl+C to shut down.
info: Microsoft.Hosting.Lifetime[0]
      Hosting environment: Development
info: Microsoft.Hosting.Lifetime[0]
      Content root path: C:\Desktop\Schule\Spengergasse\2025-26\SWP\Graf\2025-2026\wetter-reise-app-csharp
info: System.Net.Http.HttpClient.WeatherTravelService.LogicalHandler[100]
      Start processing HTTP request GET https://api.open-meteo.com/v1/forecast?*
info: System.Net.Http.HttpClient.WeatherTravelService.ClientHandler[100]
      Sending HTTP request GET https://api.open-meteo.com/v1/forecast?*
info: System.Net.Http.HttpClient.WeatherTravelService.LogicalHandler[100]
      Start processing HTTP request GET https://de.wikipedia.org/w/api.php?*
info: System.Net.Http.HttpClient.WeatherTravelService.ClientHandler[100]
      Sending HTTP request GET https://de.wikipedia.org/w/api.php?*
info: System.Net.Http.HttpClient.WeatherTravelService.ClientHandler[101]
      Received HTTP response headers after 571.5392ms - 200
info: System.Net.Http.HttpClient.WeatherTravelService.LogicalHandler[101]
      End processing HTTP request after 601.4722ms - 200
info: System.Net.Http.HttpClient.WeatherTravelService.ClientHandler[101]
      Received HTTP response headers after 833.8714ms - 200
info: System.Net.Http.HttpClient.WeatherTravelService.LogicalHandler[101]
      End processing HTTP request after 838.7537ms - 200
info: System.Net.Http.HttpClient.WeatherTravelService.LogicalHandler[100]
      Start processing HTTP request GET https://api.open-meteo.com/v1/forecast?*
info: System.Net.Http.HttpClient.WeatherTravelService.ClientHandler[100]
      Sending HTTP request GET https://api.open-meteo.com/v1/forecast?*
info: System.Net.Http.HttpClient.WeatherTravelService.LogicalHandler[100]
      Start processing HTTP request GET https://de.wikipedia.org/w/api.php?*
info: System.Net.Http.HttpClient.WeatherTravelService.ClientHandler[100]
      Sending HTTP request GET https://de.wikipedia.org/w/api.php?*
info: System.Net.Http.HttpClient.WeatherTravelService.ClientHandler[101]
      Received HTTP response headers after 146.3905ms - 200
info: System.Net.Http.HttpClient.WeatherTravelService.LogicalHandler[101]
      End processing HTTP request after 146.5777ms - 200
info: System.Net.Http.HttpClient.WeatherTravelService.ClientHandler[101]
      Received HTTP response headers after 271.6512ms - 200
info: System.Net.Http.HttpClient.WeatherTravelService.LogicalHandler[101]
      End processing HTTP request after 271.7822ms - 200
